// Jest Snapshot v1, https://goo.gl/fbAQLP

exports[`should match snapshot 1`] = `
<DocumentFragment>
  <form>
    <label
      for="todo"
    />
    <input
      id="todo"
      name="todo"
      placeholder="enter todo"
      value=""
    />
    <button>
      Submit
    </button>
  </form>
</DocumentFragment>
`;
